// Jest Snapshot v1, https://goo.gl/fbAQLP

exports[`The Cards Component Renders the UI as expected 1`] = `
<div
  className="Card"
>
  <h3>
    title test
  </h3>
  <p>
    content
  </p>
</div>
`;
